// Jest Snapshot v1, https://goo.gl/fbAQLP

exports[`the counter starts at zero 1`] = `
<div>
  Count: 0
</div>
`;
