// Jest Snapshot v1, https://goo.gl/fbAQLP

exports[`snapshot 1`] = `
<span
  className="SVGInline oreo"
  dangerouslySetInnerHTML={
    Object {
      "__html": "fake oreo picture",
    }
  }
/>
`;
